Component: ARM Compiler 6.16 Tool: armlink [5dfeaa00]

==============================================================================

Section Cross References

    main.o(.text.main) refers to pll.o(.text.PLL_Init) for PLL_Init
    main.o(.text.main) refers to pll.o(.text.SysTick_Init) for SysTick_Init
    main.o(.text.main) refers to lcd_init.o(.text.InitDisplayPort) for InitDisplayPort
    main.o(.text.main) refers to keypad_init.o(.text.InitKeyPad) for InitKeyPad
    main.o(.text.main) refers to engine.o(.text.runEngine) for runEngine
    main.o(.ARM.exidx.text.main) refers to main.o(.text.main) for [Anonymous Symbol]
    pll.o(.ARM.exidx.text.SysTick_Init) refers to pll.o(.text.SysTick_Init) for [Anonymous Symbol]
    pll.o(.ARM.exidx.text.PLL_Init) refers to pll.o(.text.PLL_Init) for [Anonymous Symbol]
    pll.o(.ARM.exidx.text.SysTick_Wait) refers to pll.o(.text.SysTick_Wait) for [Anonymous Symbol]
    lcd_init.o(.text.InitDisplayPort) refers to lcd_init.o(.text.initGPIOS) for initGPIOS
    lcd_init.o(.text.InitDisplayPort) refers to lcd_init.o(.text.initLCDSequence) for initLCDSequence
    lcd_init.o(.ARM.exidx.text.InitDisplayPort) refers to lcd_init.o(.text.InitDisplayPort) for [Anonymous Symbol]
    lcd_init.o(.text.initGPIOS) refers to lcd_init.o(.text.PortA_Init) for PortA_Init
    lcd_init.o(.text.initGPIOS) refers to lcd_init.o(.text.PortB_Init) for PortB_Init
    lcd_init.o(.ARM.exidx.text.initGPIOS) refers to lcd_init.o(.text.initGPIOS) for [Anonymous Symbol]
    lcd_init.o(.text.initLCDSequence) refers to lcd_init.o(.text.Systick_ms) for Systick_ms
    lcd_init.o(.text.initLCDSequence) refers to lcd_init.o(.text.SendDisplayNibble) for SendDisplayNibble
    lcd_init.o(.text.initLCDSequence) refers to lcd_init.o(.text.Systick_us) for Systick_us
    lcd_init.o(.text.initLCDSequence) refers to lcd_init.o(.text.SendDisplayByte) for SendDisplayByte
    lcd_init.o(.ARM.exidx.text.initLCDSequence) refers to lcd_init.o(.text.initLCDSequence) for [Anonymous Symbol]
    lcd_init.o(.ARM.exidx.text.PortA_Init) refers to lcd_init.o(.text.PortA_Init) for [Anonymous Symbol]
    lcd_init.o(.ARM.exidx.text.PortB_Init) refers to lcd_init.o(.text.PortB_Init) for [Anonymous Symbol]
    lcd_init.o(.text.Systick_ms) refers to pll.o(.text.SysTick_Wait) for SysTick_Wait
    lcd_init.o(.ARM.exidx.text.Systick_ms) refers to lcd_init.o(.text.Systick_ms) for [Anonymous Symbol]
    lcd_init.o(.text.SendDisplayNibble) refers to lcd_init.o(.text.ENHighLow) for ENHighLow
    lcd_init.o(.ARM.exidx.text.SendDisplayNibble) refers to lcd_init.o(.text.SendDisplayNibble) for [Anonymous Symbol]
    lcd_init.o(.text.Systick_us) refers to pll.o(.text.SysTick_Wait) for SysTick_Wait
    lcd_init.o(.ARM.exidx.text.Systick_us) refers to lcd_init.o(.text.Systick_us) for [Anonymous Symbol]
    lcd_init.o(.text.SendDisplayByte) refers to lcd_init.o(.text.SendDisplayNibble) for SendDisplayNibble
    lcd_init.o(.ARM.exidx.text.SendDisplayByte) refers to lcd_init.o(.text.SendDisplayByte) for [Anonymous Symbol]
    lcd_init.o(.text.ENHighLow) refers to lcd_init.o(.text.Systick_us) for Systick_us
    lcd_init.o(.ARM.exidx.text.ENHighLow) refers to lcd_init.o(.text.ENHighLow) for [Anonymous Symbol]
    keypad_init.o(.text.InitKeyPad) refers to keypad_init.o(.text.PortE_Init) for PortE_Init
    keypad_init.o(.text.InitKeyPad) refers to keypad_init.o(.text.PortD_Init) for PortD_Init
    keypad_init.o(.ARM.exidx.text.InitKeyPad) refers to keypad_init.o(.text.InitKeyPad) for [Anonymous Symbol]
    keypad_init.o(.ARM.exidx.text.PortE_Init) refers to keypad_init.o(.text.PortE_Init) for [Anonymous Symbol]
    keypad_init.o(.ARM.exidx.text.PortD_Init) refers to keypad_init.o(.text.PortD_Init) for [Anonymous Symbol]
    keypad_init.o(.text.setColumns) refers to keypad_init.o(.data.columns) for columns
    keypad_init.o(.ARM.exidx.text.setColumns) refers to keypad_init.o(.text.setColumns) for [Anonymous Symbol]
    keypad_init.o(.text.ReadKey) refers to keypad_init.o(.data.keypad_chars) for keypad_chars
    keypad_init.o(.text.ReadKey) refers to keypad_init.o(.text.setColumns) for setColumns
    keypad_init.o(.text.ReadKey) refers to lcd_init.o(.text.Systick_ms) for Systick_ms
    keypad_init.o(.ARM.exidx.text.ReadKey) refers to keypad_init.o(.text.ReadKey) for [Anonymous Symbol]
    engine.o(.text) refers (Special) to _printf_c.o(.ARM.Collect$$_printf_percent$$00000013) for _printf_c
    engine.o(.text) refers (Special) to _printf_d.o(.ARM.Collect$$_printf_percent$$00000009) for _printf_d
    engine.o(.text) refers (Special) to _printf_f.o(.ARM.Collect$$_printf_percent$$00000003) for _printf_f
    engine.o(.text) refers (Special) to printf1.o(x$fpl$printf1) for _printf_fp_dec
    engine.o(.text) refers (Special) to _printf_i.o(.ARM.Collect$$_printf_percent$$00000008) for _printf_i
    engine.o(.text) refers (Special) to _printf_dec.o(.text) for _printf_int_dec
[...]
    ../clib/angel/kernel.s                   0x00000000   Number         0  __rtentry4.o ABSOLUTE
    ../clib/angel/kernel.s                   0x00000000   Number         0  rtexit.o ABSOLUTE
    ../clib/angel/kernel.s                   0x00000000   Number         0  rtexit2.o ABSOLUTE
    ../clib/angel/rt.s                       0x00000000   Number         0  rt_ctype_table.o ABSOLUTE
    ../clib/angel/rt.s                       0x00000000   Number         0  rt_locale.o ABSOLUTE
    ../clib/angel/rt.s                       0x00000000   Number         0  rt_locale_intlibspace.o ABSOLUTE
    ../clib/angel/rt.s                       0x00000000   Number         0  rt_errno_addr.o ABSOLUTE
    ../clib/angel/rt.s                       0x00000000   Number         0  rt_errno_addr_intlibspace.o ABSOLUTE
    ../clib/angel/rt.s                       0x00000000   Number         0  rt_raise.o ABSOLUTE
    ../clib/angel/scatter.s                  0x00000000   Number         0  __scatter.o ABSOLUTE
    ../clib/angel/startup.s                  0x00000000   Number         0  __main.o ABSOLUTE
    ../clib/angel/sys.s                      0x00000000   Number         0  libspace.o ABSOLUTE
    ../clib/angel/sys.s                      0x00000000   Number         0  sys_stackheap_outer.o ABSOLUTE
    ../clib/angel/sys.s                      0x00000000   Number         0  use_no_semi.o ABSOLUTE
    ../clib/angel/sys.s                      0x00000000   Number         0  indicate_semi.o ABSOLUTE
    ../clib/angel/sysapp.c                   0x00000000   Number         0  sys_command.o ABSOLUTE
    ../clib/angel/sysapp.c                   0x00000000   Number         0  sys_exit.o ABSOLUTE
    ../clib/angel/sysapp.c                   0x00000000   Number         0  sys_command_hlt.o ABSOLUTE
    ../clib/angel/sysapp.c                   0x00000000   Number         0  sys_exit_hlt.o ABSOLUTE
    ../clib/angel/sysapp.c                   0x00000000   Number         0  sys_wrch.o ABSOLUTE
    ../clib/angel/sysapp.c                   0x00000000   Number         0  sys_wrch_hlt.o ABSOLUTE
    ../clib/armsys.c                         0x00000000   Number         0  argv_veneer.o ABSOLUTE
    ../clib/armsys.c                         0x00000000   Number         0  argv_veneer.o ABSOLUTE
    ../clib/armsys.c                         0x00000000   Number         0  _get_argv_nomalloc.o ABSOLUTE
    ../clib/armsys.c                         0x00000000   Number         0  no_argv.o ABSOLUTE
    ../clib/bigflt.c                         0x00000000   Number         0  bigflt0.o ABSOLUTE
    ../clib/btod.s                           0x00000000   Number         0  btod.o ABSOLUTE
    ../clib/btod_accurate.c                  0x00000000   Number         0  btod_accurate.o ABSOLUTE
    ../clib/btod_accurate.c                  0x00000000   Number         0  btod_accurate_common.o ABSOLUTE
    ../clib/fenv.c                           0x00000000   Number         0  _rserrno.o ABSOLUTE
    ../clib/heapalloc.c                      0x00000000   Number         0  hrguard.o ABSOLUTE
    ../clib/heapaux.c                        0x00000000   Number         0  heapauxi.o ABSOLUTE
    ../clib/libinit.s                        0x00000000   Number         0  libinit.o ABSOLUTE
    ../clib/libinit.s                        0x00000000   Number         0  libinit2.o ABSOLUTE
    ../clib/libinit.s                        0x00000000   Number         0  libshutdown.o ABSOLUTE
    ../clib/libinit.s                        0x00000000   Number         0  libshutdown2.o ABSOLUTE
    ../clib/locale.c                         0x00000000   Number         0  _c16rtomb.o ABSOLUTE
    ../clib/locale.s                         0x00000000   Number         0  lc_numeric_c.o ABSOLUTE
    ../clib/locale.s                         0x00000000   Number         0  lc_ctype_c.o ABSOLUTE
    ../clib/longlong.s                       0x00000000   Number         0  lludiv10.o ABSOLUTE
    ../clib/longlong.s                       0x00000000   Number         0  llushr.o ABSOLUTE
    ../clib/memcpset.s                       0x00000000   Number         0  strcmpv7em.o ABSOLUTE
    ../clib/misc.s                           0x00000000   Number         0  printf_stubs.o ABSOLUTE
    ../clib/printf.c                         0x00000000   Number         0  __2sprintf.o ABSOLUTE
    ../clib/printf.c                         0x00000000   Number         0  noretval__2sprintf.o ABSOLUTE
    ../clib/printf.c                         0x00000000   Number         0  __printf.o ABSOLUTE
    ../clib/printf.c                         0x00000000   Number         0  _printf_pad.o ABSOLUTE
    ../clib/printf.c                         0x00000000   Number         0  _printf_truncate.o ABSOLUTE
    ../clib/printf.c                         0x00000000   Number         0  _printf_str.o ABSOLUTE
    ../clib/printf.c                         0x00000000   Number         0  _printf_dec.o ABSOLUTE
    ../clib/printf.c                         0x00000000   Number         0  _printf_wctomb.o ABSOLUTE
    ../clib/printf.c                         0x00000000   Number         0  _printf_oct_ll.o ABSOLUTE
    ../clib/printf.c                         0x00000000   Number         0  _printf_oct_int.o ABSOLUTE
    ../clib/printf.c                         0x00000000   Number         0  _printf_oct_int_ll.o ABSOLUTE
    ../clib/printf.c                         0x00000000   Number         0  _printf_hex_ll.o ABSOLUTE
    ../clib/printf.c                         0x00000000   Number         0  _printf_hex_int.o ABSOLUTE
    ../clib/printf.c                         0x00000000   Number         0  _printf_hex_int_ll.o ABSOLUTE
    ../clib/printf.c                         0x00000000   Number         0  _printf_hex_ptr.o ABSOLUTE
    ../clib/printf.c                         0x00000000   Number         0  _printf_hex_int_ptr.o ABSOLUTE
    ../clib/printf.c                         0x00000000   Number         0  _printf_hex_ll_ptr.o ABSOLUTE
    ../clib/printf.c                         0x00000000   Number         0  _printf_hex_int_ll_ptr.o ABSOLUTE
    ../clib/printf.c                         0x00000000   Number         0  __printf_flags.o ABSOLUTE
    ../clib/printf.c                         0x00000000   Number         0  __printf_ss.o ABSOLUTE
    ../clib/printf.c                         0x00000000   Number         0  __printf_flags_ss.o ABSOLUTE
    ../clib/printf.c                         0x00000000   Number         0  __printf_wp.o ABSOLUTE
    ../clib/printf.c                         0x00000000   Number         0  __printf_flags_wp.o ABSOLUTE
    ../clib/printf.c                         0x00000000   Number         0  __printf_ss_wp.o ABSOLUTE
    ../clib/printf.c                         0x00000000   Number         0  __printf_flags_ss_wp.o ABSOLUTE
    ../clib/printf.c                         0x00000000   Number         0  _printf_intcommon.o ABSOLUTE
    ../clib/printf.c                         0x00000000   Number         0  _printf_fp_dec.o ABSOLUTE
    ../clib/printf.c                         0x00000000   Number         0  _printf_fp_dec_accurate.o ABSOLUTE
    ../clib/printf.c                         0x00000000   Number         0  _printf_char_common.o ABSOLUTE
    ../clib/printf.c                         0x00000000   Number         0  _sputc.o ABSOLUTE
    ../clib/printf.c                         0x00000000   Number         0  _printf_char.o ABSOLUTE
    ../clib/printf.c                         0x00000000   Number         0  _printf_wchar.o ABSOLUTE
    ../clib/printf.c                         0x00000000   Number         0  _printf_fp_infnan.o ABSOLUTE
    ../clib/printf.c                         0x00000000   Number         0  __printf_nopercent.o ABSOLUTE
    ../clib/printf_percent.s                 0x00000000   Number         0  _printf_c.o ABSOLUTE
    ../clib/printf_percent.s                 0x00000000   Number         0  _printf_x.o ABSOLUTE
    ../clib/printf_percent.s                 0x00000000   Number         0  _printf_o.o ABSOLUTE
    ../clib/printf_percent.s                 0x00000000   Number         0  _printf_i.o ABSOLUTE
    ../clib/printf_percent.s                 0x00000000   Number         0  _printf_d.o ABSOLUTE
    ../clib/printf_percent.s                 0x00000000   Number         0  _printf_u.o ABSOLUTE
    ../clib/printf_percent.s                 0x00000000   Number         0  _printf_f.o ABSOLUTE
    ../clib/printf_percent.s                 0x00000000   Number         0  _printf_percent.o ABSOLUTE
    ../clib/printf_percent.s                 0x00000000   Number         0  _printf_lc.o ABSOLUTE
    ../clib/printf_percent.s                 0x00000000   Number         0  _printf_percent_end.o ABSOLUTE
    ../clib/printf_percent.s                 0x00000000   Number         0  _printf_l.o ABSOLUTE
    ../clib/signal.c                         0x00000000   Number         0  defsig_rtmem_outer.o ABSOLUTE
    ../clib/signal.c                         0x00000000   Number         0  defsig_rtmem_formal.o ABSOLUTE
    ../clib/signal.c                         0x00000000   Number         0  defsig_exit.o ABSOLUTE
    ../clib/signal.c                         0x00000000   Number         0  defsig_rtmem_inner.o ABSOLUTE
    ../clib/signal.c                         0x00000000   Number         0  __raise.o ABSOLUTE
    ../clib/signal.c                         0x00000000   Number         0  defsig_general.o ABSOLUTE
    ../clib/signal.c                         0x00000000   Number         0  defsig_abrt_inner.o ABSOLUTE
    ../clib/signal.c                         0x00000000   Number         0  defsig_fpe_inner.o ABSOLUTE
    ../clib/signal.c                         0x00000000   Number         0  defsig_rtred_inner.o ABSOLUTE
    ../clib/signal.c                         0x00000000   Number         0  defsig_stak_inner.o ABSOLUTE
    ../clib/signal.c                         0x00000000   Number         0  defsig_pvfn_inner.o ABSOLUTE
    ../clib/signal.c                         0x00000000   Number         0  defsig_cppl_inner.o ABSOLUTE
    ../clib/signal.c                         0x00000000   Number         0  defsig_segv_inner.o ABSOLUTE
    ../clib/signal.c                         0x00000000   Number         0  defsig_other.o ABSOLUTE
    ../clib/signal.s                         0x00000000   Number         0  defsig.o ABSOLUTE
    ../clib/stdlib.c                         0x00000000   Number         0  exit.o ABSOLUTE
    ../fplib/basic.s                         0x00000000   Number         0  basic.o ABSOLUTE
    ../fplib/d2f.s                           0x00000000   Number         0  d2f.o ABSOLUTE
    ../fplib/daddsub.s                       0x00000000   Number         0  daddsub_clz.o ABSOLUTE
    ../fplib/dcheck1.s                       0x00000000   Number         0  dcheck1.o ABSOLUTE
    ../fplib/dcmpi.s                         0x00000000   Number         0  dcmpi.o ABSOLUTE
    ../fplib/ddiv.s                          0x00000000   Number         0  ddiv.o ABSOLUTE
    ../fplib/dfix.s                          0x00000000   Number         0  dfix.o ABSOLUTE
    ../fplib/dflt.s                          0x00000000   Number         0  dflt_clz.o ABSOLUTE
    ../fplib/dleqf.s                         0x00000000   Number         0  dleqf.o ABSOLUTE
    ../fplib/dmul.s                          0x00000000   Number         0  dmul.o ABSOLUTE
    ../fplib/dnaninf.s                       0x00000000   Number         0  dnaninf.o ABSOLUTE
    ../fplib/dretinf.s                       0x00000000   Number         0  dretinf.o ABSOLUTE
    ../fplib/drleqf.s                        0x00000000   Number         0  drleqf.o ABSOLUTE
    ../fplib/dsqrt.s                         0x00000000   Number         0  dsqrt_umaal.o ABSOLUTE
    ../fplib/f2d.s                           0x00000000   Number         0  f2d.o ABSOLUTE
    ../fplib/fnaninf.s                       0x00000000   Number         0  fnaninf.o ABSOLUTE
    ../fplib/fpinit.s                        0x00000000   Number         0  fpinit.o ABSOLUTE
    ../fplib/fretinf.s                       0x00000000   Number         0  fretinf.o ABSOLUTE
    ../fplib/istatus.s                       0x00000000   Number         0  istatus.o ABSOLUTE
    ../fplib/printf1.s                       0x00000000   Number         0  printf1.o ABSOLUTE
    ../fplib/retnan.s                        0x00000000   Number         0  retnan.o ABSOLUTE
    ../fplib/scalbn.s                        0x00000000   Number         0  scalbn.o ABSOLUTE
    ../fplib/trapv.s                         0x00000000   Number         0  trapv.o ABSOLUTE
    ../fplib/usenofp.s                       0x00000000   Number         0  usenofp.o ABSOLUTE
    ../mathlib/dunder.c                      0x00000000   Number         0  dunder.o ABSOLUTE
    ../mathlib/fabs.c                        0x00000000   Number         0  fabs.o ABSOLUTE
    ../mathlib/fpclassify.c                  0x00000000   Number         0  fpclassify.o ABSOLUTE
    ../mathlib/poly.c                        0x00000000   Number         0  poly.o ABSOLUTE
    ../mathlib/pow.c                         0x00000000   Number         0  pow.o ABSOLUTE
    ../mathlib/qnan.c                        0x00000000   Number         0  qnan.o ABSOLUTE
    ../mathlib/sqrt.c                        0x00000000   Number         0  sqrt.o ABSOLUTE
    PLL.c                                    0x00000000   Number         0  pll.o ABSOLUTE
    RTE/Device/TM4C123GH6PM/startup_TM4C123.s 0x00000000   Number         0  startup_tm4c123.o ABSOLUTE
    dc.s                                     0x00000000   Number         0  dc.o ABSOLUTE
    engine.c                                 0x00000000   Number         0  engine.o ABSOLUTE
    keypad_driver.c                          0x00000000   Number         0  keypad_driver.o ABSOLUTE
    keypad_init.c                            0x00000000   Number         0  keypad_init.o ABSOLUTE
    lcd_engine.c                             0x00000000   Number         0  lcd_engine.o ABSOLUTE
    lcd_init.c                               0x00000000   Number         0  lcd_init.o ABSOLUTE
    main.c                                   0x00000000   Number         0  main.o ABSOLUTE
    system_TM4C123.c                         0x00000000   Number         0  system_tm4c123.o ABSOLUTE
    RESET                                    0x00000000   Section      620  startup_tm4c123.o(RESET)
    !!!main                                  0x0000026c   Section        8  __main.o(!!!main)
    !!!scatter                               0x00000274   Section       52  __scatter.o(!!!scatter)
    !!handler_copy                           0x000002a8   Section       26  __scatter_copy.o(!!handler_copy)
    !!handler_zi                             0x000002c4   Section       28  __scatter_zi.o(!!handler_zi)
    .ARM.Collect$$_printf_percent$$00000000  0x000002e0   Section        0  _printf_percent.o(.ARM.Collect$$_printf_percent$$00000000)
    .ARM.Collect$$_printf_percent$$00000003  0x000002e0   Section        6  _printf_f.o(.ARM.Collect$$_printf_percent$$00000003)
    .ARM.Collect$$_printf_percent$$00000008  0x000002e6   Section        6  _printf_i.o(.ARM.Collect$$_printf_percent$$00000008)
    .ARM.Collect$$_printf_percent$$00000009  0x000002ec   Section        6  _printf_d.o(.ARM.Collect$$_printf_percent$$00000009)
    .ARM.Collect$$_printf_percent$$0000000A  0x000002f2   Section        6  _printf_u.o(.ARM.Collect$$_printf_percent$$0000000A)
    .ARM.Collect$$_printf_percent$$0000000B  0x000002f8   Section        6  _printf_o.o(.ARM.Collect$$_printf_percent$$0000000B)
    .ARM.Collect$$_printf_percent$$0000000C  0x000002fe   Section        6  _printf_x.o(.ARM.Collect$$_printf_percent$$0000000C)
    .ARM.Collect$$_printf_percent$$00000012  0x00000304   Section       10  _printf_l.o(.ARM.Collect$$_printf_percent$$00000012)
    .ARM.Collect$$_printf_percent$$00000013  0x0000030e   Section        6  _printf_c.o(.ARM.Collect$$_printf_percent$$00000013)
    .ARM.Collect$$_printf_percent$$00000015  0x00000314   Section        6  _printf_lc.o(.ARM.Collect$$_printf_percent$$00000015)
    .ARM.Collect$$_printf_percent$$00000017  0x0000031a   Section        4  _printf_percent_end.o(.ARM.Collect$$_printf_percent$$00000017)
    .ARM.Collect$$libinit$$00000000          0x0000031e   Section        2  libinit.o(.ARM.Collect$$libinit$$00000000)
    .ARM.Collect$$libinit$$00000001          0x00000320   Section        4  libinit2.o(.ARM.Collect$$libinit$$00000001)
    .ARM.Collect$$libinit$$00000004          0x00000324   Section        0  libinit2.o(.ARM.Collect$$libinit$$00000004)
    .ARM.Collect$$libinit$$0000000A          0x00000324   Section        0  libinit2.o(.ARM.Collect$$libinit$$0000000A)
    .ARM.Collect$$libinit$$0000000C          0x00000324   Section        0  libinit2.o(.ARM.Collect$$libinit$$0000000C)
    .ARM.Collect$$libinit$$0000000E          0x00000324   Section        0  libinit2.o(.ARM.Collect$$libinit$$0000000E)
    .ARM.Collect$$libinit$$0000000F          0x00000324   Section        6  libinit2.o(.ARM.Collect$$libinit$$0000000F)
    .ARM.Collect$$libinit$$00000011          0x0000032a   Section        0  libinit2.o(.ARM.Collect$$libinit$$00000011)
    .ARM.Collect$$libinit$$00000012          0x0000032a   Section       12  libinit2.o(.ARM.Collect$$libinit$$00000012)
    .ARM.Collect$$libinit$$00000013          0x00000336   Section        0  libinit2.o(.ARM.Collect$$libinit$$00000013)
    .ARM.Collect$$libinit$$00000015          0x00000336   Section        0  libinit2.o(.ARM.Collect$$libinit$$00000015)
    .ARM.Collect$$libinit$$00000016          0x00000336   Section       10  libinit2.o(.ARM.Collect$$libinit$$00000016)
    .ARM.Collect$$libinit$$00000017          0x00000340   Section        0  libinit2.o(.ARM.Collect$$libinit$$00000017)
    .ARM.Collect$$libinit$$00000019          0x00000340   Section        0  libinit2.o(.ARM.Collect$$libinit$$00000019)
    .ARM.Collect$$libinit$$0000001B          0x00000340   Section        0  libinit2.o(.ARM.Collect$$libinit$$0000001B)
    .ARM.Collect$$libinit$$0000001D          0x00000340   Section        0  libinit2.o(.ARM.Collect$$libinit$$0000001D)
    .ARM.Collect$$libinit$$0000001F          0x00000340   Section        0  libinit2.o(.ARM.Collect$$libinit$$0000001F)
    .ARM.Collect$$libinit$$00000021          0x00000340   Section        0  libinit2.o(.ARM.Collect$$libinit$$00000021)
    .ARM.Collect$$libinit$$00000023          0x00000340   Section        0  libinit2.o(.ARM.Collect$$libinit$$00000023)
    .ARM.Collect$$libinit$$00000025          0x00000340   Section        0  libinit2.o(.ARM.Collect$$libinit$$00000025)
    .ARM.Collect$$libinit$$0000002C          0x00000340   Section        0  libinit2.o(.ARM.Collect$$libinit$$0000002C)
    .ARM.Collect$$libinit$$0000002E          0x00000340   Section        0  libinit2.o(.ARM.Collect$$libinit$$0000002E)
    .ARM.Collect$$libinit$$00000030          0x00000340   Section        0  libinit2.o(.ARM.Collect$$libinit$$00000030)
    .ARM.Collect$$libinit$$00000032          0x00000340   Section        0  libinit2.o(.ARM.Collect$$libinit$$00000032)
    .ARM.Collect$$libinit$$00000033          0x00000340   Section        2  libinit2.o(.ARM.Collect$$libinit$$00000033)
    .ARM.Collect$$libshutdown$$00000000      0x00000342   Section        2  libshutdown.o(.ARM.Collect$$libshutdown$$00000000)
    .ARM.Collect$$libshutdown$$00000002      0x00000344   Section        0  libshutdown2.o(.ARM.Collect$$libshutdown$$00000002)
    .ARM.Collect$$libshutdown$$00000004      0x00000344   Section        0  libshutdown2.o(.ARM.Collect$$libshutdown$$00000004)
    .ARM.Collect$$libshutdown$$00000007      0x00000344   Section        0  libshutdown2.o(.ARM.Collect$$libshutdown$$00000007)
    .ARM.Collect$$libshutdown$$0000000A      0x00000344   Section        0  libshutdown2.o(.ARM.Collect$$libshutdown$$0000000A)
    .ARM.Collect$$libshutdown$$0000000C      0x00000344   Section        0  libshutdown2.o(.ARM.Collect$$libshutdown$$0000000C)
    .ARM.Collect$$libshutdown$$0000000F      0x00000344   Section        0  libshutdown2.o(.ARM.Collect$$libshutdown$$0000000F)
    .ARM.Collect$$libshutdown$$00000010      0x00000344   Section        2  libshutdown2.o(.ARM.Collect$$libshutdown$$00000010)
    .ARM.Collect$$rtentry$$00000000          0x00000346   Section        0  __rtentry.o(.ARM.Collect$$rtentry$$00000000)
    .ARM.Collect$$rtentry$$00000002          0x00000346   Section        0  __rtentry2.o(.ARM.Collect$$rtentry$$00000002)
    .ARM.Collect$$rtentry$$00000004          0x00000346   Section        6  __rtentry4.o(.ARM.Collect$$rtentry$$00000004)
    .ARM.Collect$$rtentry$$00000009          0x0000034c   Section        0  __rtentry2.o(.ARM.Collect$$rtentry$$00000009)
    .ARM.Collect$$rtentry$$0000000A          0x0000034c   Section        4  __rtentry2.o(.ARM.Collect$$rtentry$$0000000A)
    .ARM.Collect$$rtentry$$0000000C          0x00000350   Section        0  __rtentry2.o(.ARM.Collect$$rtentry$$0000000C)
    .ARM.Collect$$rtentry$$0000000D          0x00000350   Section        8  __rtentry2.o(.ARM.Collect$$rtentry$$0000000D)
    .ARM.Collect$$rtexit$$00000000           0x00000358   Section        2  rtexit.o(.ARM.Collect$$rtexit$$00000000)
    .ARM.Collect$$rtexit$$00000002           0x0000035a   Section        0  rtexit2.o(.ARM.Collect$$rtexit$$00000002)
    .ARM.Collect$$rtexit$$00000003           0x0000035a   Section        4  rtexit2.o(.ARM.Collect$$rtexit$$00000003)
    .ARM.Collect$$rtexit$$00000004           0x0000035e   Section        6  rtexit2.o(.ARM.Collect$$rtexit$$00000004)
    $v0                                      0x00000364   Number         0  startup_tm4c123.o(.text)
    .text                                    0x00000364   Section      276  startup_tm4c123.o(.text)
    .text                                    0x00000478   Section        0  noretval__2sprintf.o(.text)
    .text                                    0x000004a0   Section        0  _printf_pad.o(.text)
    .text                                    0x000004ee   Section        0  _printf_truncate.o(.text)
    .text                                    0x00000512   Section        0  _printf_str.o(.text)
    .text                                    0x00000564   Section        0  _printf_dec.o(.text)
    .text                                    0x000005dc   Section        0  _printf_wctomb.o(.text)
    .text                                    0x00000698   Section        0  _printf_oct_int.o(.text)
    .text                                    0x000006ec   Section        0  _printf_hex_int.o(.text)
    .text                                    0x00000744   Section        0  __printf_flags_ss_wp.o(.text)
    .text                                    0x000008cc   Section        0  heapauxi.o(.text)
    .text                                    0x000008d2   Section        0  _printf_intcommon.o(.text)
    _fp_digits                               0x00000985   Thumb Code   432  _printf_fp_dec.o(.text)
    .text                                    0x00000984   Section        0  _printf_fp_dec.o(.text)
    _printf_input_char                       0x00000da1   Thumb Code    10  _printf_char_common.o(.text)
    .text                                    0x00000da0   Section        0  _printf_char_common.o(.text)
    .text                                    0x00000dd0   Section        0  _sputc.o(.text)
    .text                                    0x00000dda   Section        0  _printf_char.o(.text)
    .text                                    0x00000e06   Section        0  _printf_wchar.o(.text)
    .text                                    0x00000e32   Section        0  _c16rtomb.o(.text)
    .text                                    0x00000e7c   Section       16  rt_ctype_table.o(.text)
    .text                                    0x00000e8c   Section        8  rt_locale_intlibspace.o(.text)
    .text                                    0x00000e94   Section      138  lludiv10.o(.text)
    .text                                    0x00000f20   Section        0  _printf_fp_infnan.o(.text)
    .text                                    0x00000fa0   Section        0  bigflt0.o(.text)
    .text                                    0x00001084   Section        8  libspace.o(.text)
    .text                                    0x0000108c   Section       74  sys_stackheap_outer.o(.text)
    .text                                    0x000010d6   Section        0  exit.o(.text)
    .text                                    0x000010e8   Section      124  strcmpv7em.o(.text)
    .text                                    0x00001164   Section        0  sys_exit.o(.text)
    .text                                    0x00001170   Section        2  use_no_semi.o(.text)
    .text                                    0x00001172   Section        0  indicate_semi.o(.text)
    [Anonymous Symbol]                       0x00001174   Section        0  lcd_init.o(.text.ENHighLow)
    [Anonymous Symbol]                       0x00001194   Section        0  lcd_init.o(.text.InitDisplayPort)
    [Anonymous Symbol]                       0x000011a0   Section        0  keypad_init.o(.text.InitKeyPad)
    [Anonymous Symbol]                       0x000011c0   Section        0  pll.o(.text.PLL_Init)
    [Anonymous Symbol]                       0x0000121c   Section        0  lcd_init.o(.text.PortA_Init)
    [Anonymous Symbol]                       0x00001270   Section        0  lcd_init.o(.text.PortB_Init)
    [Anonymous Symbol]                       0x000012c4   Section        0  keypad_init.o(.text.PortD_Init)
    [Anonymous Symbol]                       0x00001314   Section        0  keypad_init.o(.text.PortE_Init)
    [Anonymous Symbol]                       0x00001364   Section        0  keypad_init.o(.text.ReadKey)
    [Anonymous Symbol]                       0x000013dc   Section        0  lcd_init.o(.text.SendDisplayByte)
    [Anonymous Symbol]                       0x00001404   Section        0  lcd_init.o(.text.SendDisplayNibble)
    [Anonymous Symbol]                       0x00001418   Section        0  pll.o(.text.SysTick_Init)
    [Anonymous Symbol]                       0x00001434   Section        0  pll.o(.text.SysTick_Wait)
    [Anonymous Symbol]                       0x0000144c   Section        0  system_tm4c123.o(.text.SystemInit)
    [Anonymous Symbol]                       0x000014bc   Section        0  lcd_init.o(.text.Systick_ms)
    [Anonymous Symbol]                       0x000014d0   Section        0  lcd_init.o(.text.Systick_us)
    [Anonymous Symbol]                       0x000014e0   Section        0  engine.o(.text.convertChar)
    [Anonymous Symbol]                       0x00001598   Section        0  engine.o(.text.getResult)
    [Anonymous Symbol]                       0x00001760   Section        0  lcd_init.o(.text.initGPIOS)
    [Anonymous Symbol]                       0x00001784   Section        0  lcd_init.o(.text.initLCDSequence)
    [Anonymous Symbol]                       0x000017f4   Section        0  main.o(.text.main)
    [Anonymous Symbol]                       0x00001810   Section        0  engine.o(.text.runEngine)
    [Anonymous Symbol]                       0x00001850   Section        0  keypad_init.o(.text.setColumns)
    CL$$btod_d2e                             0x00001878   Section       62  btod.o(CL$$btod_d2e)
    CL$$btod_d2e_denorm_low                  0x000018b6   Section       70  btod.o(CL$$btod_d2e_denorm_low)
    CL$$btod_d2e_norm_op1                    0x000018fc   Section       96  btod.o(CL$$btod_d2e_norm_op1)
    CL$$btod_div_common                      0x0000195c   Section      824  btod.o(CL$$btod_div_common)
    CL$$btod_e2e                             0x00001c94   Section      220  btod.o(CL$$btod_e2e)
    CL$$btod_ediv                            0x00001d70   Section       42  btod.o(CL$$btod_ediv)
    CL$$btod_emul                            0x00001d9a   Section       42  btod.o(CL$$btod_emul)
    CL$$btod_mult_common                     0x00001dc4   Section      580  btod.o(CL$$btod_mult_common)
    i.__ARM_fpclassify                       0x00002008   Section        0  fpclassify.o(i.__ARM_fpclassify)
    i._is_digit                              0x00002038   Section        0  __printf_wp.o(i._is_digit)
    locale$$code                             0x00002048   Section       44  lc_numeric_c.o(locale$$code)
    locale$$code                             0x00002074   Section       44  lc_ctype_c.o(locale$$code)
    $v0                                      0x000020a0   Number         0  daddsub_clz.o(x$fpl$dadd)
    x$fpl$dadd                               0x000020a0   Section      336  daddsub_clz.o(x$fpl$dadd)
    _dadd1                                   0x000020b1   Thumb Code     0  daddsub_clz.o(x$fpl$dadd)
    $v0                                      0x000021f0   Number         0  dfix.o(x$fpl$dfix)
    x$fpl$dfix                               0x000021f0   Section       94  dfix.o(x$fpl$dfix)
    $v0                                      0x0000224e   Number         0  dflt_clz.o(x$fpl$dflt)
    x$fpl$dflt                               0x0000224e   Section       46  dflt_clz.o(x$fpl$dflt)
    $v0                                      0x0000227c   Number         0  dmul.o(x$fpl$dmul)
    x$fpl$dmul                               0x0000227c   Section      340  dmul.o(x$fpl$dmul)
    $v0                                      0x000023d0   Number         0  dnaninf.o(x$fpl$dnaninf)
    x$fpl$dnaninf                            0x000023d0   Section      156  dnaninf.o(x$fpl$dnaninf)
    $v0                                      0x0000246c   Number         0  dretinf.o(x$fpl$dretinf)
    x$fpl$dretinf                            0x0000246c   Section       12  dretinf.o(x$fpl$dretinf)
    $v0                                      0x00002478   Number         0  daddsub_clz.o(x$fpl$dsub)
    x$fpl$dsub                               0x00002478   Section      476  daddsub_clz.o(x$fpl$dsub)
    _dsub1                                   0x00002489   Thumb Code     0  daddsub_clz.o(x$fpl$dsub)
    $v0                                      0x00002654   Number         0  fpinit.o(x$fpl$fpinit)
    x$fpl$fpinit                             0x00002654   Section       26  fpinit.o(x$fpl$fpinit)
    $v0                                      0x0000266e   Number         0  printf1.o(x$fpl$printf1)
    x$fpl$printf1                            0x0000266e   Section        4  printf1.o(x$fpl$printf1)
    x$fpl$usenofp                            0x00002672   Section        0  usenofp.o(x$fpl$usenofp)
    initial_mbstate                          0x00002674   Data           8  _printf_wctomb.o(.constdata)
    .constdata                               0x00002674   Section        8  _printf_wctomb.o(.constdata)
    uc_hextab                                0x0000267c   Data          20  _printf_hex_int.o(.constdata)
    .constdata                               0x0000267c   Section       40  _printf_hex_int.o(.constdata)
    lc_hextab                                0x00002690   Data          20  _printf_hex_int.o(.constdata)
    maptable                                 0x000026a4   Data          17  __printf_flags_ss_wp.o(.constdata)
    .constdata                               0x000026a4   Section       17  __printf_flags_ss_wp.o(.constdata)
    tenpwrs_x                                0x000026b8   Data          60  bigflt0.o(.constdata)
    .constdata                               0x000026b8   Section      148  bigflt0.o(.constdata)
    tenpwrs_i                                0x000026f4   Data          64  bigflt0.o(.constdata)
    locale$$data                             0x0000276c   Section       28  lc_numeric_c.o(locale$$data)
    __lcnum_c_name                           0x00002770   Data           2  lc_numeric_c.o(locale$$data)
    __lcnum_c_start                          0x00002778   Data           0  lc_numeric_c.o(locale$$data)
    __lcnum_c_point                          0x00002784   Data           0  lc_numeric_c.o(locale$$data)
    __lcnum_c_thousands                      0x00002786   Data           0  lc_numeric_c.o(locale$$data)
    __lcnum_c_grouping                       0x00002787   Data           0  lc_numeric_c.o(locale$$data)
    __lcnum_c_end                            0x00002788   Data           0  lc_numeric_c.o(locale$$data)
    locale$$data                             0x00002788   Section      272  lc_ctype_c.o(locale$$data)
    __lcctype_c_name                         0x0000278c   Data           2  lc_ctype_c.o(locale$$data)
    __lcctype_c_start                        0x00002794   Data           0  lc_ctype_c.o(locale$$data)
    __lcctype_c_end                          0x00002898   Data           0  lc_ctype_c.o(locale$$data)
    .bss                                     0x20000098   Section       96  libspace.o(.bss)
    Heap_Mem                                 0x20000110   Data           0  startup_tm4c123.o(HEAP)
    Stack_Mem                                0x20000110   Data         512  startup_tm4c123.o(STACK)
    HEAP                                     0x20000110   Section        0  startup_tm4c123.o(HEAP)
    STACK                                    0x20000110   Section      512  startup_tm4c123.o(STACK)
    __initial_sp                             0x20000310   Data           0  startup_tm4c123.o(STACK)

    Global Symbols

    Symbol Name                              Value     Ov Type        Size  Object(Section)

    BuildAttributes$$THM_ISAv4$E$P$D$K$B$S$7EM$VFPi3$EXTD16$VFPS$VFMA$PE$A:L22UL41UL21$X:L11$S22US41US21$IEEE1$IW$~IW$USESV6$~STKCKD$USESV7$~SHL$OTIME$ROPI$IEEEX$EBA8$UX$STANDARDLIB$REQ8$PRES8$EABIv2 0x00000000   Number         0  anon$$obj.o ABSOLUTE
    __Vectors                                0x00000000   Data           4  startup_tm4c123.o(RESET)
    _printf_flags                            0x00000000   Number         0  printf_stubs.o ABSOLUTE
    _printf_return_value                     0x00000000   Number         0  printf_stubs.o ABSOLUTE
    _printf_sizespec                         0x00000000   Number         0  printf_stubs.o ABSOLUTE
    _printf_widthprec                        0x00000000   Number         0  printf_stubs.o ABSOLUTE
    __ARM_exceptions_init                     - Undefined Weak Reference
    __alloca_initialize                       - Undefined Weak Reference
    __arm_preinit_                            - Undefined Weak Reference
    __cpp_initialize__aeabi_                  - Undefined Weak Reference
    __cxa_finalize                            - Undefined Weak Reference
    __sigvec_lookup                           - Undefined Weak Reference
    _atexit_init                              - Undefined Weak Reference
    _call_atexit_fns                          - Undefined Weak Reference
    _clock_init                               - Undefined Weak Reference
    _fp_trap_init                             - Undefined Weak Reference
    _fp_trap_shutdown                         - Undefined Weak Reference
    _get_lc_collate                           - Undefined Weak Reference
    _get_lc_monetary                          - Undefined Weak Reference
    _get_lc_time                              - Undefined Weak Reference
    _getenv_init                              - Undefined Weak Reference
    _handle_redirection                       - Undefined Weak Reference
    _init_alloc                               - Undefined Weak Reference
    _init_user_alloc                          - Undefined Weak Reference
    _initio                                   - Undefined Weak Reference
    _printf_mbtowc                            - Undefined Weak Reference
    _printf_wc                                - Undefined Weak Reference
    _rand_init                                - Undefined Weak Reference
    _signal_finish                            - Undefined Weak Reference
    _signal_init                              - Undefined Weak Reference
    _terminate_alloc                          - Undefined Weak Reference
    _terminate_user_alloc                     - Undefined Weak Reference
    _terminateio                              - Undefined Weak Reference
    __Vectors_End                            0x0000026c   Data           0  startup_tm4c123.o(RESET)
    __Vectors_Size                           0x0000026c   Number         0  startup_tm4c123.o ABSOLUTE
    __main                                   0x0000026d   Thumb Code     8  __main.o(!!!main)
    __scatterload                            0x00000275   Thumb Code     0  __scatter.o(!!!scatter)
    __scatterload_rt2                        0x00000275   Thumb Code    44  __scatter.o(!!!scatter)
    __scatterload_rt2_thumb_only             0x00000275   Thumb Code     0  __scatter.o(!!!scatter)
    __scatterload_null                       0x00000283   Thumb Code     0  __scatter.o(!!!scatter)
    __scatterload_copy                       0x000002a9   Thumb Code    26  __scatter_copy.o(!!handler_copy)
    __scatterload_zeroinit                   0x000002c5   Thumb Code    28  __scatter_zi.o(!!handler_zi)
    _printf_f                                0x000002e1   Thumb Code     0  _printf_f.o(.ARM.Collect$$_printf_percent$$00000003)
    _printf_percent                          0x000002e1   Thumb Code     0  _printf_percent.o(.ARM.Collect$$_printf_percent$$00000000)
    _printf_i                                0x000002e7   Thumb Code     0  _printf_i.o(.ARM.Collect$$_printf_percent$$00000008)
    _printf_d                                0x000002ed   Thumb Code     0  _printf_d.o(.ARM.Collect$$_printf_percent$$00000009)
    _printf_u                                0x000002f3   Thumb Code     0  _printf_u.o(.ARM.Collect$$_printf_percent$$0000000A)
    _printf_o                                0x000002f9   Thumb Code     0  _printf_o.o(.ARM.Collect$$_printf_percent$$0000000B)
    _printf_x                                0x000002ff   Thumb Code     0  _printf_x.o(.ARM.Collect$$_printf_percent$$0000000C)
    _printf_l                                0x00000305   Thumb Code     0  _printf_l.o(.ARM.Collect$$_printf_percent$$00000012)
    _printf_c                                0x0000030f   Thumb Code     0  _printf_c.o(.ARM.Collect$$_printf_percent$$00000013)
    _printf_lc                               0x00000315   Thumb Code     0  _printf_lc.o(.ARM.Collect$$_printf_percent$$00000015)
    _printf_percent_end                      0x0000031b   Thumb Code     0  _printf_percent_end.o(.ARM.Collect$$_printf_percent$$00000017)
    __rt_lib_init                            0x0000031f   Thumb Code     0  libinit.o(.ARM.Collect$$libinit$$00000000)
    __rt_lib_init_fp_1                       0x00000321   Thumb Code     0  libinit2.o(.ARM.Collect$$libinit$$00000001)
    __rt_lib_init_heap_1                     0x00000325   Thumb Code     0  libinit2.o(.ARM.Collect$$libinit$$0000000A)
    __rt_lib_init_lc_common                  0x00000325   Thumb Code     0  libinit2.o(.ARM.Collect$$libinit$$0000000F)
    __rt_lib_init_preinit_1                  0x00000325   Thumb Code     0  libinit2.o(.ARM.Collect$$libinit$$00000004)
    __rt_lib_init_rand_1                     0x00000325   Thumb Code     0  libinit2.o(.ARM.Collect$$libinit$$0000000E)
    __rt_lib_init_user_alloc_1               0x00000325   Thumb Code     0  libinit2.o(.ARM.Collect$$libinit$$0000000C)
    __rt_lib_init_lc_collate_1               0x0000032b   Thumb Code     0  libinit2.o(.ARM.Collect$$libinit$$00000011)
    __rt_lib_init_lc_ctype_2                 0x0000032b   Thumb Code     0  libinit2.o(.ARM.Collect$$libinit$$00000012)
    __rt_lib_init_lc_ctype_1                 0x00000337   Thumb Code     0  libinit2.o(.ARM.Collect$$libinit$$00000013)
    __rt_lib_init_lc_monetary_1              0x00000337   Thumb Code     0  libinit2.o(.ARM.Collect$$libinit$$00000015)
    __rt_lib_init_lc_numeric_2               0x00000337   Thumb Code     0  libinit2.o(.ARM.Collect$$libinit$$00000016)
    __rt_lib_init_alloca_1                   0x00000341   Thumb Code     0  libinit2.o(.ARM.Collect$$libinit$$0000002E)
    __rt_lib_init_argv_1                     0x00000341   Thumb Code     0  libinit2.o(.ARM.Collect$$libinit$$0000002C)
    __rt_lib_init_atexit_1                   0x00000341   Thumb Code     0  libinit2.o(.ARM.Collect$$libinit$$0000001B)
    __rt_lib_init_clock_1                    0x00000341   Thumb Code     0  libinit2.o(.ARM.Collect$$libinit$$00000021)
    __rt_lib_init_cpp_1                      0x00000341   Thumb Code     0  libinit2.o(.ARM.Collect$$libinit$$00000032)
    __rt_lib_init_exceptions_1               0x00000341   Thumb Code     0  libinit2.o(.ARM.Collect$$libinit$$00000030)
    __rt_lib_init_fp_trap_1                  0x00000341   Thumb Code     0  libinit2.o(.ARM.Collect$$libinit$$0000001F)
    __rt_lib_init_getenv_1                   0x00000341   Thumb Code     0  libinit2.o(.ARM.Collect$$libinit$$00000023)
    __rt_lib_init_lc_numeric_1               0x00000341   Thumb Code     0  libinit2.o(.ARM.Collect$$libinit$$00000017)
    __rt_lib_init_lc_time_1                  0x00000341   Thumb Code     0  libinit2.o(.ARM.Collect$$libinit$$00000019)
    __rt_lib_init_return                     0x00000341   Thumb Code     0  libinit2.o(.ARM.Collect$$libinit$$00000033)
    __rt_lib_init_signal_1                   0x00000341   Thumb Code     0  libinit2.o(.ARM.Collect$$libinit$$0000001D)
    __rt_lib_init_stdio_1                    0x00000341   Thumb Code     0  libinit2.o(.ARM.Collect$$libinit$$00000025)
    __rt_lib_shutdown                        0x00000343   Thumb Code     0  libshutdown.o(.ARM.Collect$$libshutdown$$00000000)
    __rt_lib_shutdown_cpp_1                  0x00000345   Thumb Code     0  libshutdown2.o(.ARM.Collect$$libshutdown$$00000002)
    __rt_lib_shutdown_fp_trap_1              0x00000345   Thumb Code     0  libshutdown2.o(.ARM.Collect$$libshutdown$$00000007)
    __rt_lib_shutdown_heap_1                 0x00000345   Thumb Code     0  libshutdown2.o(.ARM.Collect$$libshutdown$$0000000F)
    __rt_lib_shutdown_return                 0x00000345   Thumb Code     0  libshutdown2.o(.ARM.Collect$$libshutdown$$00000010)
    __rt_lib_shutdown_signal_1               0x00000345   Thumb Code     0  libshutdown2.o(.ARM.Collect$$libshutdown$$0000000A)
    __rt_lib_shutdown_stdio_1                0x00000345   Thumb Code     0  libshutdown2.o(.ARM.Collect$$libshutdown$$00000004)
    __rt_lib_shutdown_user_alloc_1           0x00000345   Thumb Code     0  libshutdown2.o(.ARM.Collect$$libshutdown$$0000000C)
    __rt_entry                               0x00000347   Thumb Code     0  __rtentry.o(.ARM.Collect$$rtentry$$00000000)
    __rt_entry_presh_1                       0x00000347   Thumb Code     0  __rtentry2.o(.ARM.Collect$$rtentry$$00000002)
    __rt_entry_sh                            0x00000347   Thumb Code     0  __rtentry4.o(.ARM.Collect$$rtentry$$00000004)
    __rt_entry_li                            0x0000034d   Thumb Code     0  __rtentry2.o(.ARM.Collect$$rtentry$$0000000A)
    __rt_entry_postsh_1                      0x0000034d   Thumb Code     0  __rtentry2.o(.ARM.Collect$$rtentry$$00000009)
    __rt_entry_main                          0x00000351   Thumb Code     0  __rtentry2.o(.ARM.Collect$$rtentry$$0000000D)
    __rt_entry_postli_1                      0x00000351   Thumb Code     0  __rtentry2.o(.ARM.Collect$$rtentry$$0000000C)
    __rt_exit                                0x00000359   Thumb Code     0  rtexit.o(.ARM.Collect$$rtexit$$00000000)
    __rt_exit_ls                             0x0000035b   Thumb Code     0  rtexit2.o(.ARM.Collect$$rtexit$$00000003)
    __rt_exit_prels_1                        0x0000035b   Thumb Code     0  rtexit2.o(.ARM.Collect$$rtexit$$00000002)
    __rt_exit_exit                           0x0000035f   Thumb Code     0  rtexit2.o(.ARM.Collect$$rtexit$$00000004)
    Reset_Handler                            0x00000365   Thumb Code     8  startup_tm4c123.o(.text)
    NMI_Handler                              0x0000036d   Thumb Code     2  startup_tm4c123.o(.text)
    HardFault_Handler                        0x0000036f   Thumb Code     2  startup_tm4c123.o(.text)
    MemManage_Handler                        0x00000371   Thumb Code     2  startup_tm4c123.o(.text)
    BusFault_Handler                         0x00000373   Thumb Code     2  startup_tm4c123.o(.text)
    UsageFault_Handler                       0x00000375   Thumb Code     2  startup_tm4c123.o(.text)
    SVC_Handler                              0x00000377   Thumb Code     2  startup_tm4c123.o(.text)
    DebugMon_Handler                         0x00000379   Thumb Code     2  startup_tm4c123.o(.text)
    PendSV_Handler                           0x0000037b   Thumb Code     2  startup_tm4c123.o(.text)
    SysTick_Handler                          0x0000037d   Thumb Code     2  startup_tm4c123.o(.text)
    GPIOA_Handler                            0x0000037f   Thumb Code     2  startup_tm4c123.o(.text)
    GPIOB_Handler                            0x00000381   Thumb Code     2  startup_tm4c123.o(.text)
    GPIOC_Handler                            0x00000383   Thumb Code     2  startup_tm4c123.o(.text)
    GPIOD_Handler                            0x00000385   Thumb Code     2  startup_tm4c123.o(.text)
    GPIOE_Handler                            0x00000387   Thumb Code     2  startup_tm4c123.o(.text)
    UART0_Handler                            0x00000389   Thumb Code     2  startup_tm4c123.o(.text)
    UART1_Handler                            0x0000038b   Thumb Code     2  startup_tm4c123.o(.text)
    SSI0_Handler                             0x0000038d   Thumb Code     2  startup_tm4c123.o(.text)
    I2C0_Handler                             0x0000038f   Thumb Code     2  startup_tm4c123.o(.text)
    PMW0_FAULT_Handler                       0x00000391   Thumb Code     2  startup_tm4c123.o(.text)
    PWM0_0_Handler                           0x00000393   Thumb Code     2  startup_tm4c123.o(.text)
    PWM0_1_Handler                           0x00000395   Thumb Code     2  startup_tm4c123.o(.text)
    PWM0_2_Handler                           0x00000397   Thumb Code     2  startup_tm4c123.o(.text)
    QEI0_Handler                             0x00000399   Thumb Code     2  startup_tm4c123.o(.text)
    ADC0SS0_Handler                          0x0000039b   Thumb Code     2  startup_tm4c123.o(.text)
    ADC0SS1_Handler                          0x0000039d   Thumb Code     2  startup_tm4c123.o(.text)
    ADC0SS2_Handler                          0x0000039f   Thumb Code     2  startup_tm4c123.o(.text)
    ADC0SS3_Handler                          0x000003a1   Thumb Code     2  startup_tm4c123.o(.text)
    WDT0_Handler                             0x000003a3   Thumb Code     2  startup_tm4c123.o(.text)
    TIMER0A_Handler                          0x000003a5   Thumb Code     2  startup_tm4c123.o(.text)
    TIMER0B_Handler                          0x000003a7   Thumb Code     2  startup_tm4c123.o(.text)
    TIMER1A_Handler                          0x000003a9   Thumb Code     2  startup_tm4c123.o(.text)
    TIMER1B_Handler                          0x000003ab   Thumb Code     2  startup_tm4c123.o(.text)
    TIMER2A_Handler                          0x000003ad   Thumb Code     2  startup_tm4c123.o(.text)
    TIMER2B_Handler                          0x000003af   Thumb Code     2  startup_tm4c123.o(.text)
    COMP0_Handler                            0x000003b1   Thumb Code     2  startup_tm4c123.o(.text)
    COMP1_Handler                            0x000003b3   Thumb Code     2  startup_tm4c123.o(.text)
    COMP2_Handler                            0x000003b5   Thumb Code     2  startup_tm4c123.o(.text)
    SYSCTL_Handler                           0x000003b7   Thumb Code     2  startup_tm4c123.o(.text)
    FLASH_Handler                            0x000003b9   Thumb Code     2  startup_tm4c123.o(.text)
    GPIOF_Handler                            0x000003bb   Thumb Code     2  startup_tm4c123.o(.text)
    GPIOG_Handler                            0x000003bd   Thumb Code     2  startup_tm4c123.o(.text)
    GPIOH_Handler                            0x000003bf   Thumb Code     2  startup_tm4c123.o(.text)
    UART2_Handler                            0x000003c1   Thumb Code     2  startup_tm4c123.o(.text)
    SSI1_Handler                             0x000003c3   Thumb Code     2  startup_tm4c123.o(.text)
    TIMER3A_Handler                          0x000003c5   Thumb Code     2  startup_tm4c123.o(.text)
    TIMER3B_Handler                          0x000003c7   Thumb Code     2  startup_tm4c123.o(.text)
    I2C1_Handler                             0x000003c9   Thumb Code     2  startup_tm4c123.o(.text)
    QEI1_Handler                             0x000003cb   Thumb Code     2  startup_tm4c123.o(.text)
    CAN0_Handler                             0x000003cd   Thumb Code     2  startup_tm4c123.o(.text)
    CAN1_Handler                             0x000003cf   Thumb Code     2  startup_tm4c123.o(.text)
    CAN2_Handler                             0x000003d1   Thumb Code     2  startup_tm4c123.o(.text)
    HIB_Handler                              0x000003d3   Thumb Code     2  startup_tm4c123.o(.text)
    USB0_Handler                             0x000003d5   Thumb Code     2  startup_tm4c123.o(.text)
    PWM0_3_Handler                           0x000003d7   Thumb Code     2  startup_tm4c123.o(.text)
    UDMA_Handler                             0x000003d9   Thumb Code     2  startup_tm4c123.o(.text)
    UDMAERR_Handler                          0x000003db   Thumb Code     2  startup_tm4c123.o(.text)
    ADC1SS0_Handler                          0x000003dd   Thumb Code     2  startup_tm4c123.o(.text)
    ADC1SS1_Handler                          0x000003df   Thumb Code     2  startup_tm4c123.o(.text)
    ADC1SS2_Handler                          0x000003e1   Thumb Code     2  startup_tm4c123.o(.text)
    ADC1SS3_Handler                          0x000003e3   Thumb Code     2  startup_tm4c123.o(.text)
    GPIOJ_Handler                            0x000003e5   Thumb Code     2  startup_tm4c123.o(.text)
    GPIOK_Handler                            0x000003e7   Thumb Code     2  startup_tm4c123.o(.text)
    GPIOL_Handler                            0x000003e9   Thumb Code     2  startup_tm4c123.o(.text)
    SSI2_Handler                             0x000003eb   Thumb Code     2  startup_tm4c123.o(.text)
    SSI3_Handler                             0x000003ed   Thumb Code     2  startup_tm4c123.o(.text)
    UART3_Handler                            0x000003ef   Thumb Code     2  startup_tm4c123.o(.text)
    UART4_Handler                            0x000003f1   Thumb Code     2  startup_tm4c123.o(.text)
    UART5_Handler                            0x000003f3   Thumb Code     2  startup_tm4c123.o(.text)
    UART6_Handler                            0x000003f5   Thumb Code     2  startup_tm4c123.o(.text)
    UART7_Handler                            0x000003f7   Thumb Code     2  startup_tm4c123.o(.text)
    I2C2_Handler                             0x000003f9   Thumb Code     2  startup_tm4c123.o(.text)
    I2C3_Handler                             0x000003fb   Thumb Code     2  startup_tm4c123.o(.text)
    TIMER4A_Handler                          0x000003fd   Thumb Code     2  startup_tm4c123.o(.text)
    TIMER4B_Handler                          0x000003ff   Thumb Code     2  startup_tm4c123.o(.text)
    TIMER5A_Handler                          0x00000401   Thumb Code     2  startup_tm4c123.o(.text)
    TIMER5B_Handler                          0x00000403   Thumb Code     2  startup_tm4c123.o(.text)
    WTIMER0A_Handler                         0x00000405   Thumb Code     2  startup_tm4c123.o(.text)
    WTIMER0B_Handler                         0x00000407   Thumb Code     2  startup_tm4c123.o(.text)
    WTIMER1A_Handler                         0x00000409   Thumb Code     2  startup_tm4c123.o(.text)
    WTIMER1B_Handler                         0x0000040b   Thumb Code     2  startup_tm4c123.o(.text)
    WTIMER2A_Handler                         0x0000040d   Thumb Code     2  startup_tm4c123.o(.text)
    WTIMER2B_Handler                         0x0000040f   Thumb Code     2  startup_tm4c123.o(.text)
    WTIMER3A_Handler                         0x00000411   Thumb Code     2  startup_tm4c123.o(.text)
    WTIMER3B_Handler                         0x00000413   Thumb Code     2  startup_tm4c123.o(.text)
    WTIMER4A_Handler                         0x00000415   Thumb Code     2  startup_tm4c123.o(.text)
    WTIMER4B_Handler                         0x00000417   Thumb Code     2  startup_tm4c123.o(.text)
    WTIMER5A_Handler                         0x00000419   Thumb Code     2  startup_tm4c123.o(.text)
    WTIMER5B_Handler                         0x0000041b   Thumb Code     2  startup_tm4c123.o(.text)
    FPU_Handler                              0x0000041d   Thumb Code     2  startup_tm4c123.o(.text)
    I2C4_Handler                             0x0000041f   Thumb Code     2  startup_tm4c123.o(.text)
    I2C5_Handler                             0x00000421   Thumb Code     2  startup_tm4c123.o(.text)
    GPIOM_Handler                            0x00000423   Thumb Code     2  startup_tm4c123.o(.text)
    GPION_Handler                            0x00000425   Thumb Code     2  startup_tm4c123.o(.text)
    QEI2_Handler                             0x00000427   Thumb Code     2  startup_tm4c123.o(.text)
    GPIOP0_Handler                           0x00000429   Thumb Code     2  startup_tm4c123.o(.text)
    GPIOP1_Handler                           0x0000042b   Thumb Code     2  startup_tm4c123.o(.text)
    GPIOP2_Handler                           0x0000042d   Thumb Code     2  startup_tm4c123.o(.text)
    GPIOP3_Handler                           0x0000042f   Thumb Code     2  startup_tm4c123.o(.text)
    GPIOP4_Handler                           0x00000431   Thumb Code     2  startup_tm4c123.o(.text)
    GPIOP5_Handler                           0x00000433   Thumb Code     2  startup_tm4c123.o(.text)
    GPIOP6_Handler                           0x00000435   Thumb Code     2  startup_tm4c123.o(.text)
    GPIOP7_Handler                           0x00000437   Thumb Code     2  startup_tm4c123.o(.text)
    GPIOQ0_Handler                           0x00000439   Thumb Code     2  startup_tm4c123.o(.text)
    GPIOQ1_Handler                           0x0000043b   Thumb Code     2  startup_tm4c123.o(.text)
    GPIOQ2_Handler                           0x0000043d   Thumb Code     2  startup_tm4c123.o(.text)
    GPIOQ3_Handler                           0x0000043f   Thumb Code     2  startup_tm4c123.o(.text)
    GPIOQ4_Handler                           0x00000441   Thumb Code     2  startup_tm4c123.o(.text)
    GPIOQ5_Handler                           0x00000443   Thumb Code     2  startup_tm4c123.o(.text)
    GPIOQ6_Handler                           0x00000445   Thumb Code     2  startup_tm4c123.o(.text)
    GPIOQ7_Handler                           0x00000447   Thumb Code     2  startup_tm4c123.o(.text)
    GPIOR_Handler                            0x00000449   Thumb Code     2  startup_tm4c123.o(.text)
    GPIOS_Handler                            0x0000044b   Thumb Code     2  startup_tm4c123.o(.text)
    PMW1_0_Handler                           0x0000044d   Thumb Code     2  startup_tm4c123.o(.text)
    PWM1_1_Handler                           0x0000044f   Thumb Code     2  startup_tm4c123.o(.text)
    PWM1_2_Handler                           0x00000451   Thumb Code     2  startup_tm4c123.o(.text)
    PWM1_3_Handler                           0x00000453   Thumb Code     2  startup_tm4c123.o(.text)
    PWM1_FAULT_Handler                       0x00000455   Thumb Code     2  startup_tm4c123.o(.text)
    __user_initial_stackheap                 0x00000459   Thumb Code     0  startup_tm4c123.o(.text)
    __2sprintf                               0x00000479   Thumb Code    34  noretval__2sprintf.o(.text)
    _printf_pre_padding                      0x000004a1   Thumb Code    44  _printf_pad.o(.text)
    _printf_post_padding                     0x000004cd   Thumb Code    34  _printf_pad.o(.text)
    _printf_truncate_signed                  0x000004ef   Thumb Code    18  _printf_truncate.o(.text)
    _printf_truncate_unsigned                0x00000501   Thumb Code    18  _printf_truncate.o(.text)
    _printf_str                              0x00000513   Thumb Code    82  _printf_str.o(.text)
    _printf_int_dec                          0x00000565   Thumb Code   104  _printf_dec.o(.text)
    _printf_wctomb                           0x000005dd   Thumb Code   182  _printf_wctomb.o(.text)
    _printf_int_oct                          0x00000699   Thumb Code    74  _printf_oct_int.o(.text)
    _printf_longlong_oct                     0x00000699   Thumb Code     0  _printf_oct_int.o(.text)
    _printf_int_hex                          0x000006ed   Thumb Code    84  _printf_hex_int.o(.text)
    _printf_longlong_hex                     0x000006ed   Thumb Code     0  _printf_hex_int.o(.text)
    __printf                                 0x00000745   Thumb Code   388  __printf_flags_ss_wp.o(.text)
    __use_two_region_memory                  0x000008cd   Thumb Code     2  heapauxi.o(.text)
    __rt_heap_escrow$2region                 0x000008cf   Thumb Code     2  heapauxi.o(.text)
    __rt_heap_expand$2region                 0x000008d1   Thumb Code     2  heapauxi.o(.text)
    _printf_int_common                       0x000008d3   Thumb Code   178  _printf_intcommon.o(.text)
    _printf_fp_dec_real                      0x00000b35   Thumb Code   620  _printf_fp_dec.o(.text)
    _printf_char_common                      0x00000dab   Thumb Code    32  _printf_char_common.o(.text)
    _sputc                                   0x00000dd1   Thumb Code    10  _sputc.o(.text)
    _printf_cs_common                        0x00000ddb   Thumb Code    20  _printf_char.o(.text)
    _printf_char                             0x00000def   Thumb Code    16  _printf_char.o(.text)
    _printf_string                           0x00000dff   Thumb Code     8  _printf_char.o(.text)
    _printf_lcs_common                       0x00000e07   Thumb Code    20  _printf_wchar.o(.text)
    _printf_wchar                            0x00000e1b   Thumb Code    16  _printf_wchar.o(.text)
    _printf_wstring                          0x00000e2b   Thumb Code     8  _printf_wchar.o(.text)
    _c16rtomb                                0x00000e33   Thumb Code    72  _c16rtomb.o(.text)
    _wcrtomb                                 0x00000e33   Thumb Code     0  _c16rtomb.o(.text)
    __rt_ctype_table                         0x00000e7d   Thumb Code    16  rt_ctype_table.o(.text)
    __rt_locale                              0x00000e8d   Thumb Code     8  rt_locale_intlibspace.o(.text)
    _ll_udiv10                               0x00000e95   Thumb Code   138  lludiv10.o(.text)
    _printf_fp_infnan                        0x00000f21   Thumb Code   112  _printf_fp_infnan.o(.text)
    _btod_etento                             0x00000fa1   Thumb Code   224  bigflt0.o(.text)
    __user_libspace                          0x00001085   Thumb Code     8  libspace.o(.text)
    __user_perproc_libspace                  0x00001085   Thumb Code     0  libspace.o(.text)
    __user_perthread_libspace                0x00001085   Thumb Code     0  libspace.o(.text)
    __user_setup_stackheap                   0x0000108d   Thumb Code    74  sys_stackheap_outer.o(.text)
    exit                                     0x000010d7   Thumb Code    18  exit.o(.text)
    strcmp                                   0x000010e9   Thumb Code   124  strcmpv7em.o(.text)
    _sys_exit                                0x00001165   Thumb Code     8  sys_exit.o(.text)
    __I$use$semihosting                      0x00001171   Thumb Code     0  use_no_semi.o(.text)
    __use_no_semihosting_swi                 0x00001171   Thumb Code     2  use_no_semi.o(.text)
    __semihosting_library_function           0x00001173   Thumb Code     0  indicate_semi.o(.text)
    ENHighLow                                0x00001175   Thumb Code    32  lcd_init.o(.text.ENHighLow)
    InitDisplayPort                          0x00001195   Thumb Code    12  lcd_init.o(.text.InitDisplayPort)
    InitKeyPad                               0x000011a1   Thumb Code    30  keypad_init.o(.text.InitKeyPad)
    PLL_Init                                 0x000011c1   Thumb Code    90  pll.o(.text.PLL_Init)
    PortA_Init                               0x0000121d   Thumb Code    84  lcd_init.o(.text.PortA_Init)
    PortB_Init                               0x00001271   Thumb Code    84  lcd_init.o(.text.PortB_Init)
    PortD_Init                               0x000012c5   Thumb Code    80  keypad_init.o(.text.PortD_Init)
    PortE_Init                               0x00001315   Thumb Code    80  keypad_init.o(.text.PortE_Init)
    ReadKey                                  0x00001365   Thumb Code   120  keypad_init.o(.text.ReadKey)
    SendDisplayByte                          0x000013dd   Thumb Code    40  lcd_init.o(.text.SendDisplayByte)
    SendDisplayNibble                        0x00001405   Thumb Code    18  lcd_init.o(.text.SendDisplayNibble)
    SysTick_Init                             0x00001419   Thumb Code    26  pll.o(.text.SysTick_Init)
    SysTick_Wait                             0x00001435   Thumb Code    24  pll.o(.text.SysTick_Wait)
    SystemInit                               0x0000144d   Thumb Code   112  system_tm4c123.o(.text.SystemInit)
    Systick_ms                               0x000014bd   Thumb Code    18  lcd_init.o(.text.Systick_ms)
    Systick_us                               0x000014d1   Thumb Code    14  lcd_init.o(.text.Systick_us)
    convertChar                              0x000014e1   Thumb Code   180  engine.o(.text.convertChar)
    getResult                                0x00001599   Thumb Code   456  engine.o(.text.getResult)
    initGPIOS                                0x00001761   Thumb Code    36  lcd_init.o(.text.initGPIOS)
    initLCDSequence                          0x00001785   Thumb Code   110  lcd_init.o(.text.initLCDSequence)
    main                                     0x000017f5   Thumb Code    26  main.o(.text.main)
    runEngine                                0x00001811   Thumb Code    62  engine.o(.text.runEngine)
    setColumns                               0x00001851   Thumb Code    40  keypad_init.o(.text.setColumns)
    _btod_d2e                                0x00001879   Thumb Code    62  btod.o(CL$$btod_d2e)
    _d2e_denorm_low                          0x000018b7   Thumb Code    70  btod.o(CL$$btod_d2e_denorm_low)
    _d2e_norm_op1                            0x000018fd   Thumb Code    96  btod.o(CL$$btod_d2e_norm_op1)
    __btod_div_common                        0x0000195d   Thumb Code   696  btod.o(CL$$btod_div_common)
    _e2e                                     0x00001c95   Thumb Code   220  btod.o(CL$$btod_e2e)
    _btod_ediv                               0x00001d71   Thumb Code    42  btod.o(CL$$btod_ediv)
    _btod_emul                               0x00001d9b   Thumb Code    42  btod.o(CL$$btod_emul)
    __btod_mult_common                       0x00001dc5   Thumb Code   580  btod.o(CL$$btod_mult_common)
    __ARM_fpclassify                         0x00002009   Thumb Code    48  fpclassify.o(i.__ARM_fpclassify)
    _is_digit                                0x00002039   Thumb Code    14  __printf_wp.o(i._is_digit)
    _get_lc_numeric                          0x00002049   Thumb Code    44  lc_numeric_c.o(locale$$code)
    _get_lc_ctype                            0x00002075   Thumb Code    44  lc_ctype_c.o(locale$$code)
    __aeabi_dadd                             0x000020a1   Thumb Code     0  daddsub_clz.o(x$fpl$dadd)
    _dadd                                    0x000020a1   Thumb Code   332  daddsub_clz.o(x$fpl$dadd)
    __aeabi_d2iz                             0x000021f1   Thumb Code     0  dfix.o(x$fpl$dfix)
    _dfix                                    0x000021f1   Thumb Code    94  dfix.o(x$fpl$dfix)
    __aeabi_i2d                              0x0000224f   Thumb Code     0  dflt_clz.o(x$fpl$dflt)
    _dflt                                    0x0000224f   Thumb Code    46  dflt_clz.o(x$fpl$dflt)
    __aeabi_dmul                             0x0000227d   Thumb Code     0  dmul.o(x$fpl$dmul)
    _dmul                                    0x0000227d   Thumb Code   332  dmul.o(x$fpl$dmul)
    __fpl_dnaninf                            0x000023d1   Thumb Code   156  dnaninf.o(x$fpl$dnaninf)
    __fpl_dretinf                            0x0000246d   Thumb Code    12  dretinf.o(x$fpl$dretinf)
    __aeabi_dsub                             0x00002479   Thumb Code     0  daddsub_clz.o(x$fpl$dsub)
    _dsub                                    0x00002479   Thumb Code   472  daddsub_clz.o(x$fpl$dsub)
    _fp_init                                 0x00002655   Thumb Code    26  fpinit.o(x$fpl$fpinit)
    __fplib_config_fpu_vfp                   0x0000266d   Thumb Code     0  fpinit.o(x$fpl$fpinit)
    __fplib_config_pureend_doubles           0x0000266d   Thumb Code     0  fpinit.o(x$fpl$fpinit)
    _printf_fp_dec                           0x0000266f   Thumb Code     4  printf1.o(x$fpl$printf1)
    __I$use$fp                               0x00002672   Number         0  usenofp.o(x$fpl$usenofp)
    Region$$Table$$Base                      0x0000274c   Number         0  anon$$obj.o(Region$$Table)
    Region$$Table$$Limit                     0x0000276c   Number         0  anon$$obj.o(Region$$Table)
    __ctype                                  0x00002795   Data           0  lc_ctype_c.o(locale$$data)
    A                                        0x20000000   Data           8  engine.o(.data.A)
    B                                        0x20000008   Data           8  engine.o(.data.B)
    C                                        0x20000010   Data           8  engine.o(.data.C)
    columns                                  0x20000018   Data          64  keypad_init.o(.data.columns)
    keypad_chars                             0x20000058   Data          64  keypad_init.o(.data.keypad_chars)
    __libspace_start                         0x20000098   Data          96  libspace.o(.bss)
    __temporary_stack_top$libspace           0x200000f8   Data           0  libspace.o(.bss)
    charArray                                0x200000f8   Data          16  engine.o(.bss.charArray)
    shiftMode                                0x20000108   Data           4  engine.o(.bss.shiftMode)



==============================================================================

Memory Map of the image

  Image Entry point : 0x00000365

  Load Region LR_1 (Base: 0x00000000, Size: 0x00002930, Max: 0xffffffff, ABSOLUTE)

    Execution Region ER_RO (Exec base: 0x00000000, Load base: 0x00000000, Size: 0x00002898, Max: 0xffffffff, ABSOLUTE)

    Exec Addr    Load Addr    Size         Type   Attr      Idx    E Section Name        Object

    0x00000000   0x00000000   0x0000026c   Data   RO          125    RESET               startup_tm4c123.o
    0x0000026c   0x0000026c   0x00000008   Code   RO          225  * !!!main             c_w.l(__main.o)
    0x00000274   0x00000274   0x00000034   Code   RO          560    !!!scatter          c_w.l(__scatter.o)
    0x000002a8   0x000002a8   0x0000001a   Code   RO          562    !!handler_copy      c_w.l(__scatter_copy.o)
    0x000002c2   0x000002c2   0x00000002   PAD
    0x000002c4   0x000002c4   0x0000001c   Code   RO          564    !!handler_zi        c_w.l(__scatter_zi.o)
    0x000002e0   0x000002e0   0x00000000   Code   RO          221    .ARM.Collect$$_printf_percent$$00000000  c_w.l(_printf_percent.o)
    0x000002e0   0x000002e0   0x00000006   Code   RO          220    .ARM.Collect$$_printf_percent$$00000003  c_w.l(_printf_f.o)
    0x000002e6   0x000002e6   0x00000006   Code   RO          217    .ARM.Collect$$_printf_percent$$00000008  c_w.l(_printf_i.o)
    0x000002ec   0x000002ec   0x00000006   Code   RO          218    .ARM.Collect$$_printf_percent$$00000009  c_w.l(_printf_d.o)
    0x000002f2   0x000002f2   0x00000006   Code   RO          219    .ARM.Collect$$_printf_percent$$0000000A  c_w.l(_printf_u.o)
    0x000002f8   0x000002f8   0x00000006   Code   RO          216    .ARM.Collect$$_printf_percent$$0000000B  c_w.l(_printf_o.o)
    0x000002fe   0x000002fe   0x00000006   Code   RO          215    .ARM.Collect$$_printf_percent$$0000000C  c_w.l(_printf_x.o)
    0x00000304   0x00000304   0x0000000a   Code   RO          276    .ARM.Collect$$_printf_percent$$00000012  c_w.l(_printf_l.o)
    0x0000030e   0x0000030e   0x00000006   Code   RO          214    .ARM.Collect$$_printf_percent$$00000013  c_w.l(_printf_c.o)
    0x00000314   0x00000314   0x00000006   Code   RO          222    .ARM.Collect$$_printf_percent$$00000015  c_w.l(_printf_lc.o)
    0x0000031a   0x0000031a   0x00000004   Code   RO          275    .ARM.Collect$$_printf_percent$$00000017  c_w.l(_printf_percent_end.o)
    0x0000031e   0x0000031e   0x00000002   Code   RO          419    .ARM.Collect$$libinit$$00000000  c_w.l(libinit.o)
    0x00000320   0x00000320   0x00000004   Code   RO          420    .ARM.Collect$$libinit$$00000001  c_w.l(libinit2.o)
    0x00000324   0x00000324   0x00000000   Code   RO          423    .ARM.Collect$$libinit$$00000004  c_w.l(libinit2.o)
    0x00000324   0x00000324   0x00000000   Code   RO          426    .ARM.Collect$$libinit$$0000000A  c_w.l(libinit2.o)
    0x00000324   0x00000324   0x00000000   Code   RO          428    .ARM.Collect$$libinit$$0000000C  c_w.l(libinit2.o)
    0x00000324   0x00000324   0x00000000   Code   RO          430    .ARM.Collect$$libinit$$0000000E  c_w.l(libinit2.o)
    0x00000324   0x00000324   0x00000006   Code   RO          431    .ARM.Collect$$libinit$$0000000F  c_w.l(libinit2.o)
    0x0000032a   0x0000032a   0x00000000   Code   RO          433    .ARM.Collect$$libinit$$00000011  c_w.l(libinit2.o)
    0x0000032a   0x0000032a   0x0000000c   Code   RO          434    .ARM.Collect$$libinit$$00000012  c_w.l(libinit2.o)
    0x00000336   0x00000336   0x00000000   Code   RO          435    .ARM.Collect$$libinit$$00000013  c_w.l(libinit2.o)
    0x00000336   0x00000336   0x00000000   Code   RO          437    .ARM.Collect$$libinit$$00000015  c_w.l(libinit2.o)
    0x00000336   0x00000336   0x0000000a   Code   RO          438    .ARM.Collect$$libinit$$00000016  c_w.l(libinit2.o)
    0x00000340   0x00000340   0x00000000   Code   RO          439    .ARM.Collect$$libinit$$00000017  c_w.l(libinit2.o)
    0x00000340   0x00000340   0x00000000   Code   RO          441    .ARM.Collect$$libinit$$00000019  c_w.l(libinit2.o)
    0x00000340   0x00000340   0x00000000   Code   RO          443    .ARM.Collect$$libinit$$0000001B  c_w.l(libinit2.o)
    0x00000340   0x00000340   0x00000000   Code   RO          445    .ARM.Collect$$libinit$$0000001D  c_w.l(libinit2.o)
    0x00000340   0x00000340   0x00000000   Code   RO          447    .ARM.Collect$$libinit$$0000001F  c_w.l(libinit2.o)
    0x00000340   0x00000340   0x00000000   Code   RO          449    .ARM.Collect$$libinit$$00000021  c_w.l(libinit2.o)
    0x00000340   0x00000340   0x00000000   Code   RO          451    .ARM.Collect$$libinit$$00000023  c_w.l(libinit2.o)
    0x00000340   0x00000340   0x00000000   Code   RO          453    .ARM.Collect$$libinit$$00000025  c_w.l(libinit2.o)
    0x00000340   0x00000340   0x00000000   Code   RO          457    .ARM.Collect$$libinit$$0000002C  c_w.l(libinit2.o)
    0x00000340   0x00000340   0x00000000   Code   RO          459    .ARM.Collect$$libinit$$0000002E  c_w.l(libinit2.o)
    0x00000340   0x00000340   0x00000000   Code   RO          461    .ARM.Collect$$libinit$$00000030  c_w.l(libinit2.o)
    0x00000340   0x00000340   0x00000000   Code   RO          463    .ARM.Collect$$libinit$$00000032  c_w.l(libinit2.o)
    0x00000340   0x00000340   0x00000002   Code   RO          464    .ARM.Collect$$libinit$$00000033  c_w.l(libinit2.o)
    0x00000342   0x00000342   0x00000002   Code   RO          506    .ARM.Collect$$libshutdown$$00000000  c_w.l(libshutdown.o)
    0x00000344   0x00000344   0x00000000   Code   RO          517    .ARM.Collect$$libshutdown$$00000002  c_w.l(libshutdown2.o)
    0x00000344   0x00000344   0x00000000   Code   RO          519    .ARM.Collect$$libshutdown$$00000004  c_w.l(libshutdown2.o)
    0x00000344   0x00000344   0x00000000   Code   RO          522    .ARM.Collect$$libshutdown$$00000007  c_w.l(libshutdown2.o)
    0x00000344   0x00000344   0x00000000   Code   RO          525    .ARM.Collect$$libshutdown$$0000000A  c_w.l(libshutdown2.o)
    0x00000344   0x00000344   0x00000000   Code   RO          527    .ARM.Collect$$libshutdown$$0000000C  c_w.l(libshutdown2.o)
    0x00000344   0x00000344   0x00000000   Code   RO          530    .ARM.Collect$$libshutdown$$0000000F  c_w.l(libshutdown2.o)
    0x00000344   0x00000344   0x00000002   Code   RO          531    .ARM.Collect$$libshutdown$$00000010  c_w.l(libshutdown2.o)
    0x00000346   0x00000346   0x00000000   Code   RO          258    .ARM.Collect$$rtentry$$00000000  c_w.l(__rtentry.o)
    0x00000346   0x00000346   0x00000000   Code   RO          330    .ARM.Collect$$rtentry$$00000002  c_w.l(__rtentry2.o)
    0x00000346   0x00000346   0x00000006   Code   RO          342    .ARM.Collect$$rtentry$$00000004  c_w.l(__rtentry4.o)
    0x0000034c   0x0000034c   0x00000000   Code   RO          332    .ARM.Collect$$rtentry$$00000009  c_w.l(__rtentry2.o)
    0x0000034c   0x0000034c   0x00000004   Code   RO          333    .ARM.Collect$$rtentry$$0000000A  c_w.l(__rtentry2.o)
    0x00000350   0x00000350   0x00000000   Code   RO          335    .ARM.Collect$$rtentry$$0000000C  c_w.l(__rtentry2.o)
    0x00000350   0x00000350   0x00000008   Code   RO          336    .ARM.Collect$$rtentry$$0000000D  c_w.l(__rtentry2.o)
    0x00000358   0x00000358   0x00000002   Code   RO          469    .ARM.Collect$$rtexit$$00000000  c_w.l(rtexit.o)
    0x0000035a   0x0000035a   0x00000000   Code   RO          480    .ARM.Collect$$rtexit$$00000002  c_w.l(rtexit2.o)
    0x0000035a   0x0000035a   0x00000004   Code   RO          481    .ARM.Collect$$rtexit$$00000003  c_w.l(rtexit2.o)
    0x0000035e   0x0000035e   0x00000006   Code   RO          482    .ARM.Collect$$rtexit$$00000004  c_w.l(rtexit2.o)
    0x00000364   0x00000364   0x00000114   Code   RO          126  * .text               startup_tm4c123.o
    0x00000478   0x00000478   0x00000028   Code   RO          152    .text               c_w.l(noretval__2sprintf.o)
    0x000004a0   0x000004a0   0x0000004e   Code   RO          156    .text               c_w.l(_printf_pad.o)
    0x000004ee   0x000004ee   0x00000024   Code   RO          158    .text               c_w.l(_printf_truncate.o)
    0x00000512   0x00000512   0x00000052   Code   RO          160    .text               c_w.l(_printf_str.o)
    0x00000564   0x00000564   0x00000078   Code   RO          162    .text               c_w.l(_printf_dec.o)
    0x000005dc   0x000005dc   0x000000bc   Code   RO          164    .text               c_w.l(_printf_wctomb.o)
    0x00000698   0x00000698   0x00000054   Code   RO          169    .text               c_w.l(_printf_oct_int.o)
    0x000006ec   0x000006ec   0x00000058   Code   RO          176    .text               c_w.l(_printf_hex_int.o)
    0x00000744   0x00000744   0x00000188   Code   RO          211    .text               c_w.l(__printf_flags_ss_wp.o)
    0x000008cc   0x000008cc   0x00000006   Code   RO          223    .text               c_w.l(heapauxi.o)
    0x000008d2   0x000008d2   0x000000b2   Code   RO          261    .text               c_w.l(_printf_intcommon.o)
    0x00000984   0x00000984   0x0000041c   Code   RO          263    .text               c_w.l(_printf_fp_dec.o)
    0x00000da0   0x00000da0   0x00000030   Code   RO          267    .text               c_w.l(_printf_char_common.o)
    0x00000dd0   0x00000dd0   0x0000000a   Code   RO          269    .text               c_w.l(_sputc.o)
    0x00000dda   0x00000dda   0x0000002c   Code   RO          271    .text               c_w.l(_printf_char.o)
    0x00000e06   0x00000e06   0x0000002c   Code   RO          273    .text               c_w.l(_printf_wchar.o)
    0x00000e32   0x00000e32   0x00000048   Code   RO          277    .text               c_w.l(_c16rtomb.o)
    0x00000e7a   0x00000e7a   0x00000002   PAD
    0x00000e7c   0x00000e7c   0x00000010   Code   RO          344    .text               c_w.l(rt_ctype_table.o)
    0x00000e8c   0x00000e8c   0x00000008   Code   RO          349    .text               c_w.l(rt_locale_intlibspace.o)
    0x00000e94   0x00000e94   0x0000008a   Code   RO          356    .text               c_w.l(lludiv10.o)
    0x00000f1e   0x00000f1e   0x00000002   PAD
    0x00000f20   0x00000f20   0x00000080   Code   RO          358    .text               c_w.l(_printf_fp_infnan.o)
    0x00000fa0   0x00000fa0   0x000000e4   Code   RO          362    .text               c_w.l(bigflt0.o)
    0x00001084   0x00001084   0x00000008   Code   RO          400    .text               c_w.l(libspace.o)
    0x0000108c   0x0000108c   0x0000004a   Code   RO          403    .text               c_w.l(sys_stackheap_outer.o)
    0x000010d6   0x000010d6   0x00000012   Code   RO          410    .text               c_w.l(exit.o)
    0x000010e8   0x000010e8   0x0000007c   Code   RO          412    .text               c_w.l(strcmpv7em.o)
    0x00001164   0x00001164   0x0000000c   Code   RO          492    .text               c_w.l(sys_exit.o)
    0x00001170   0x00001170   0x00000002   Code   RO          507    .text               c_w.l(use_no_semi.o)
    0x00001172   0x00001172   0x00000000   Code   RO          509    .text               c_w.l(indicate_semi.o)
    0x00001172   0x00001172   0x00000002   PAD
    0x00001174   0x00001174   0x00000020   Code   RO           43    .text.ENHighLow     lcd_init.o
    0x00001194   0x00001194   0x0000000c   Code   RO           25    .text.InitDisplayPort  lcd_init.o
    0x000011a0   0x000011a0   0x0000001e   Code   RO           54    .text.InitKeyPad    keypad_init.o
    0x000011be   0x000011be   0x00000002   PAD
    0x000011c0   0x000011c0   0x0000005a   Code   RO           13    .text.PLL_Init      pll.o
    0x0000121a   0x0000121a   0x00000002   PAD
    0x0000121c   0x0000121c   0x00000054   Code   RO           31    .text.PortA_Init    lcd_init.o
    0x00001270   0x00001270   0x00000054   Code   RO           33    .text.PortB_Init    lcd_init.o
    0x000012c4   0x000012c4   0x00000050   Code   RO           58    .text.PortD_Init    keypad_init.o
    0x00001314   0x00001314   0x00000050   Code   RO           56    .text.PortE_Init    keypad_init.o
    0x00001364   0x00001364   0x00000078   Code   RO           62    .text.ReadKey       keypad_init.o
    0x000013dc   0x000013dc   0x00000028   Code   RO           41    .text.SendDisplayByte  lcd_init.o
    0x00001404   0x00001404   0x00000012   Code   RO           37    .text.SendDisplayNibble  lcd_init.o
    0x00001416   0x00001416   0x00000002   PAD
    0x00001418   0x00001418   0x0000001a   Code   RO           11    .text.SysTick_Init  pll.o
    0x00001432   0x00001432   0x00000002   PAD
    0x00001434   0x00001434   0x00000018   Code   RO           15    .text.SysTick_Wait  pll.o
    0x0000144c   0x0000144c   0x00000070   Code   RO          137    .text.SystemInit    system_tm4c123.o
    0x000014bc   0x000014bc   0x00000012   Code   RO           35    .text.Systick_ms    lcd_init.o
    0x000014ce   0x000014ce   0x00000002   PAD
    0x000014d0   0x000014d0   0x0000000e   Code   RO           39    .text.Systick_us    lcd_init.o
    0x000014de   0x000014de   0x00000002   PAD
    0x000014e0   0x000014e0   0x000000b4   Code   RO           76    .text.convertChar   engine.o
    0x00001594   0x00001594   0x00000004   PAD
    0x00001598   0x00001598   0x000001c8   Code   RO           78    .text.getResult     engine.o
    0x00001760   0x00001760   0x00000024   Code   RO           27    .text.initGPIOS     lcd_init.o
    0x00001784   0x00001784   0x0000006e   Code   RO           29    .text.initLCDSequence  lcd_init.o
    0x000017f2   0x000017f2   0x00000002   PAD
    0x000017f4   0x000017f4   0x0000001a   Code   RO            2    .text.main          main.o
    0x0000180e   0x0000180e   0x00000002   PAD
    0x00001810   0x00001810   0x0000003e   Code   RO          100    .text.runEngine     engine.o
    0x0000184e   0x0000184e   0x00000002   PAD
    0x00001850   0x00001850   0x00000028   Code   RO           60    .text.setColumns    keypad_init.o
    0x00001878   0x00001878   0x0000003e   Code   RO          365    CL$$btod_d2e        c_w.l(btod.o)
    0x000018b6   0x000018b6   0x00000046   Code   RO          367    CL$$btod_d2e_denorm_low  c_w.l(btod.o)
    0x000018fc   0x000018fc   0x00000060   Code   RO          366    CL$$btod_d2e_norm_op1  c_w.l(btod.o)
    0x0000195c   0x0000195c   0x00000338   Code   RO          375    CL$$btod_div_common  c_w.l(btod.o)
    0x00001c94   0x00001c94   0x000000dc   Code   RO          372    CL$$btod_e2e        c_w.l(btod.o)
    0x00001d70   0x00001d70   0x0000002a   Code   RO          369    CL$$btod_ediv       c_w.l(btod.o)
    0x00001d9a   0x00001d9a   0x0000002a   Code   RO          368    CL$$btod_emul       c_w.l(btod.o)
    0x00001dc4   0x00001dc4   0x00000244   Code   RO          374    CL$$btod_mult_common  c_w.l(btod.o)
    0x00002008   0x00002008   0x00000030   Code   RO          318    i.__ARM_fpclassify  m_wm.l(fpclassify.o)
    0x00002038   0x00002038   0x0000000e   Code   RO          204    i._is_digit         c_w.l(__printf_wp.o)
    0x00002046   0x00002046   0x00000002   PAD
    0x00002048   0x00002048   0x0000002c   Code   RO          390    locale$$code        c_w.l(lc_numeric_c.o)
    0x00002074   0x00002074   0x0000002c   Code   RO          408    locale$$code        c_w.l(lc_ctype_c.o)
    0x000020a0   0x000020a0   0x00000150   Code   RO          229    x$fpl$dadd          fz_wm.l(daddsub_clz.o)
    0x000021f0   0x000021f0   0x0000005e   Code   RO          235    x$fpl$dfix          fz_wm.l(dfix.o)
    0x0000224e   0x0000224e   0x0000002e   Code   RO          240    x$fpl$dflt          fz_wm.l(dflt_clz.o)
    0x0000227c   0x0000227c   0x00000154   Code   RO          245    x$fpl$dmul          fz_wm.l(dmul.o)
    0x000023d0   0x000023d0   0x0000009c   Code   RO          285    x$fpl$dnaninf       fz_wm.l(dnaninf.o)
    0x0000246c   0x0000246c   0x0000000c   Code   RO          287    x$fpl$dretinf       fz_wm.l(dretinf.o)
    0x00002478   0x00002478   0x000001dc   Code   RO          231    x$fpl$dsub          fz_wm.l(daddsub_clz.o)
    0x00002654   0x00002654   0x0000001a   Code   RO          475    x$fpl$fpinit        fz_wm.l(fpinit.o)
    0x0000266e   0x0000266e   0x00000004   Code   RO          249    x$fpl$printf1       fz_wm.l(printf1.o)
    0x00002672   0x00002672   0x00000000   Code   RO          297    x$fpl$usenofp       fz_wm.l(usenofp.o)
    0x00002672   0x00002672   0x00000002   PAD
    0x00002674   0x00002674   0x00000008   Data   RO          165    .constdata          c_w.l(_printf_wctomb.o)
    0x0000267c   0x0000267c   0x00000028   Data   RO          177    .constdata          c_w.l(_printf_hex_int.o)
    0x000026a4   0x000026a4   0x00000011   Data   RO          212    .constdata          c_w.l(__printf_flags_ss_wp.o)
    0x000026b5   0x000026b5   0x00000003   PAD
    0x000026b8   0x000026b8   0x00000094   Data   RO          363    .constdata          c_w.l(bigflt0.o)
    0x0000274c   0x0000274c   0x00000020   Data   RO          559    Region$$Table       anon$$obj.o
    0x0000276c   0x0000276c   0x0000001c   Data   RO          389    locale$$data        c_w.l(lc_numeric_c.o)
    0x00002788   0x00002788   0x00000110   Data   RO          407    locale$$data        c_w.l(lc_ctype_c.o)


    Execution Region ER_RW (Exec base: 0x20000000, Load base: 0x00002898, Size: 0x00000098, Max: 0xffffffff, ABSOLUTE)

    Exec Addr    Load Addr    Size         Type   Attr      Idx    E Section Name        Object

    0x20000000   0x00002898   0x00000008   Data   RW          105    .data.A             engine.o
    0x20000008   0x000028a0   0x00000008   Data   RW          106    .data.B             engine.o
    0x20000010   0x000028a8   0x00000008   Data   RW          107    .data.C             engine.o
    0x20000018   0x000028b0   0x00000040   Data   RW           64    .data.columns       keypad_init.o
    0x20000058   0x000028f0   0x00000040   Data   RW           65    .data.keypad_chars  keypad_init.o


    Execution Region ER_ZI (Exec base: 0x20000098, Load base: 0x00002930, Size: 0x00000278, Max: 0xffffffff, ABSOLUTE)

    Exec Addr    Load Addr    Size         Type   Attr      Idx    E Section Name        Object

    0x20000098        -       0x00000060   Zero   RW          401    .bss                c_w.l(libspace.o)
    0x200000f8        -       0x00000010   Zero   RW          108    .bss.charArray      engine.o
    0x20000108        -       0x00000004   Zero   RW          103    .bss.shiftMode      engine.o
    0x2000010c   0x00002930   0x00000004   PAD
    0x20000110        -       0x00000000   Zero   RW          124    HEAP                startup_tm4c123.o
    0x20000110        -       0x00000200   Zero   RW          123    STACK               startup_tm4c123.o


==============================================================================

Image component sizes


      Code (inc. data)   RO Data    RW Data    ZI Data      Debug   Object Name

       698         52          0         24         20       7765   engine.o
       350          0          0        128          0       1491   keypad_init.o
       448          0          0          0          0       1777   lcd_init.o
        26          0          0          0          0        414   main.o
       140          0          0          0          0        766   pll.o
       276         24        620          0        512       5528   startup_tm4c123.o
       112          0          0          0          0       6580   system_tm4c123.o

    ----------------------------------------------------------------------
      2072         76        652        152        536      24321   Object Totals
         0          0         32          0          0          0   (incl. Generated)
        22          0          0          0          4          0   (incl. Padding)

    ----------------------------------------------------------------------

      Code (inc. data)   RO Data    RW Data    ZI Data      Debug   Library Member Name

         8          0          0          0          0         68   __main.o
       392          4         17          0          0         92   __printf_flags_ss_wp.o
        14          0          0          0          0         68   __printf_wp.o
         0          0          0          0          0          0   __rtentry.o
        12          0          0          0          0          0   __rtentry2.o
         6          0          0          0          0          0   __rtentry4.o
        52          8          0          0          0          0   __scatter.o
        26          0          0          0          0          0   __scatter_copy.o
        28          0          0          0          0          0   __scatter_zi.o
        72          0          0          0          0         96   _c16rtomb.o
         6          0          0          0          0          0   _printf_c.o
        44          0          0          0          0        108   _printf_char.o
        48          6          0          0          0         96   _printf_char_common.o
         6          0          0          0          0          0   _printf_d.o
       120         16          0          0          0         92   _printf_dec.o
         6          0          0          0          0          0   _printf_f.o
      1052          0          0          0          0        148   _printf_fp_dec.o
       128         16          0          0          0         84   _printf_fp_infnan.o
        88          4         40          0          0         88   _printf_hex_int.o
         6          0          0          0          0          0   _printf_i.o
       178          0          0          0          0         88   _printf_intcommon.o
        10          0          0          0          0          0   _printf_l.o
         6          0          0          0          0          0   _printf_lc.o
         6          0          0          0          0          0   _printf_o.o
        84         10          0          0          0         88   _printf_oct_int.o
        78          0          0          0          0        108   _printf_pad.o
         0          0          0          0          0          0   _printf_percent.o
         4          0          0          0          0          0   _printf_percent_end.o
        82          0          0          0          0         80   _printf_str.o
        36          0          0          0          0         84   _printf_truncate.o
         6          0          0          0          0          0   _printf_u.o
        44          0          0          0          0        108   _printf_wchar.o
       188          6          8          0          0         92   _printf_wctomb.o
         6          0          0          0          0          0   _printf_x.o
        10          0          0          0          0         68   _sputc.o
       228          4        148          0          0         96   bigflt0.o
      1936        128          0          0          0        668   btod.o
        18          0          0          0          0         80   exit.o
         6          0          0          0          0        152   heapauxi.o
         0          0          0          0          0          0   indicate_semi.o
        44         10        272          0          0         76   lc_ctype_c.o
        44         10         28          0          0         76   lc_numeric_c.o
         2          0          0          0          0          0   libinit.o
        34          0          0          0          0          0   libinit2.o
         2          0          0          0          0          0   libshutdown.o
         2          0          0          0          0          0   libshutdown2.o
         8          4          0          0         96         68   libspace.o
       138          0          0          0          0         80   lludiv10.o
        40          6          0          0          0         84   noretval__2sprintf.o
        16          4          0          0          0         76   rt_ctype_table.o
         8          4          0          0          0         68   rt_locale_intlibspace.o
         2          0          0          0          0          0   rtexit.o
        10          0          0          0          0          0   rtexit2.o
       124          0          0          0          0         88   strcmpv7em.o
        12          4          0          0          0         68   sys_exit.o
        74          0          0          0          0         80   sys_stackheap_outer.o
         2          0          0          0          0         68   use_no_semi.o
       812         16          0          0          0        392   daddsub_clz.o
        94          4          0          0          0        140   dfix.o
        46          0          0          0          0        116   dflt_clz.o
       340         12          0          0          0        152   dmul.o
       156          4          0          0          0        140   dnaninf.o
        12          0          0          0          0        116   dretinf.o
        26          0          0          0          0        116   fpinit.o
         4          0          0          0          0        116   printf1.o
         0          0          0          0          0          0   usenofp.o
        48          0          0          0          0        124   fpclassify.o

    ----------------------------------------------------------------------
      7152        280        516          0         96       4896   Library Totals
        12          0          3          0          0          0   (incl. Padding)

    ----------------------------------------------------------------------

      Code (inc. data)   RO Data    RW Data    ZI Data      Debug   Library Name

      5602        244        513          0         96       3484   c_w.l
      1490         36          0          0          0       1288   fz_wm.l
        48          0          0          0          0        124   m_wm.l

    ----------------------------------------------------------------------
      7152        280        516          0         96       4896   Library Totals

    ----------------------------------------------------------------------

==============================================================================


      Code (inc. data)   RO Data    RW Data    ZI Data      Debug   

      9224        356       1168        152        632      26445   Grand Totals
      9224        356       1168        152        632      26445   ELF Image Totals
      9224        356       1168        152          0          0   ROM Totals

==============================================================================

    Total RO  Size (Code + RO Data)                10392 (  10.15kB)
    Total RW  Size (RW Data + ZI Data)               784 (   0.77kB)
    Total ROM Size (Code + RO Data + RW Data)      10544 (  10.30kB)

==============================================================================

